// Jest Snapshot v1, https://goo.gl/fbAQLP

exports[`Button should render button 1`] = `
<div
  className="d-flex row justify-content-center align-align-items-center"
  style={
    Object {
      "backgroundColor": "#fff",
      "height": 70,
      "width": "100%",
    }
  }
>
  <div>
    <button
      className="MuiButton-root MuiButton-text MuiButton-textPrimary MuiButton-sizeMedium MuiButton-textSizeMedium MuiButtonBase-root  css-1e6y48t-MuiButtonBase-root-MuiButton-root"
      disabled={false}
      onBlur={[Function]}
      onClick={[Function]}
      onContextMenu={[Function]}
      onDragLeave={[Function]}
      onFocus={[Function]}
      onKeyDown={[Function]}
      onKeyUp={[Function]}
      onMouseDown={[Function]}
      onMouseLeave={[Function]}
      onMouseUp={[Function]}
      onTouchEnd={[Function]}
      onTouchMove={[Function]}
      onTouchStart={[Function]}
      tabIndex={0}
      type="button"
    >
      Open modal
    </button>
  </div>
</div>
`;
